
  .   ____          _            __ _ _
 /\\ / ___'_ __ _ _(_)_ __  __ _ \ \ \ \
( ( )\___ | '_ | '_| | '_ \/ _` | \ \ \ \
 \\/  ___)| |_)| | | | | || (_| |  ) ) ) )
  '  |____| .__|_| |_|_| |_\__, | / / / /
 =========|_|==============|___/=/_/_/_/

 :: Spring Boot ::                (v4.0.6)

2026-05-25T11:36:52.035+05:30  INFO 1896 --- [e-commerce] [           main] c.u.e_commerce.ECommerceApplication      : Starting ECommerceApplication v0.0.1-SNAPSHOT using Java 21.0.11 with PID 1896 (C:\Users\Uvadharan\OneDrive\Desktop\SmartPurchase\e-commerce\target\e-commerce-0.0.1-SNAPSHOT.jar started by Uvadharan in c:\Users\Uvadharan\OneDrive\Desktop\SmartPurchase\e-commerce)
2026-05-25T11:36:52.039+05:30  INFO 1896 --- [e-commerce] [           main] c.u.e_commerce.ECommerceApplication      : No active profile set, falling back to 1 default profile: "default"
2026-05-25T11:36:53.142+05:30  INFO 1896 --- [e-commerce] [           main] .s.d.r.c.RepositoryConfigurationDelegate : Bootstrapping Spring Data JPA repositories in DEFAULT mode.
2026-05-25T11:36:53.197+05:30  INFO 1896 --- [e-commerce] [           main] .s.d.r.c.RepositoryConfigurationDelegate : Finished Spring Data repository scanning in 46 ms. Found 2 JPA repository interfaces.
2026-05-25T11:36:54.045+05:30  INFO 1896 --- [e-commerce] [           main] o.s.boot.tomcat.TomcatWebServer          : Tomcat initialized with port 8080 (http)
2026-05-25T11:36:54.072+05:30  INFO 1896 --- [e-commerce] [           main] o.apache.catalina.core.StandardService   : Starting service [Tomcat]
2026-05-25T11:36:54.072+05:30  INFO 1896 --- [e-commerce] [           main] o.apache.catalina.core.StandardEngine    : Starting Servlet engine: [Apache Tomcat/11.0.21]
2026-05-25T11:36:54.122+05:30  INFO 1896 --- [e-commerce] [           main] b.w.c.s.WebApplicationContextInitializer : Root WebApplicationContext: initialization completed in 1994 ms
2026-05-25T11:36:54.561+05:30  INFO 1896 --- [e-commerce] [           main] org.hibernate.orm.jpa                    : HHH008540: Processing PersistenceUnitInfo [name: default]
2026-05-25T11:36:54.656+05:30  INFO 1896 --- [e-commerce] [           main] org.hibernate.orm.core                   : HHH000001: Hibernate ORM core version 7.2.12.Final
2026-05-25T11:36:55.482+05:30  INFO 1896 --- [e-commerce] [           main] o.s.o.j.p.SpringPersistenceUnitInfo      : No LoadTimeWeaver setup: ignoring JPA class transformer
2026-05-25T11:36:55.523+05:30  INFO 1896 --- [e-commerce] [           main] com.zaxxer.hikari.HikariDataSource       : HikariPool-1 - Starting...
2026-05-25T11:36:56.052+05:30  INFO 1896 --- [e-commerce] [           main] com.zaxxer.hikari.pool.HikariPool        : HikariPool-1 - Added connection com.mysql.cj.jdbc.ConnectionImpl@2579d8a
2026-05-25T11:36:56.058+05:30  INFO 1896 --- [e-commerce] [           main] com.zaxxer.hikari.HikariDataSource       : HikariPool-1 - Start completed.
2026-05-25T11:36:56.177+05:30  INFO 1896 --- [e-commerce] [           main] org.hibernate.orm.connections.pooling    : HHH10001005: Database info:
	Database JDBC URL [jdbc:mysql://localhost:3306/ecommerce_db]
	Database driver: MySQL Connector/J
	Database dialect: MySQLDialect
	Database version: 8.0.43
	Default catalog/schema: ecommerce_db/undefined
	Autocommit mode: undefined/unknown
	Isolation level: REPEATABLE_READ [default REPEATABLE_READ]
	JDBC fetch size: none
	Pool: DataSourceConnectionProvider
	Minimum pool size: undefined/unknown
	Maximum pool size: undefined/unknown
2026-05-25T11:36:57.195+05:30  INFO 1896 --- [e-commerce] [           main] org.hibernate.orm.core                   : HHH000489: No JTA platform available (set 'hibernate.transaction.jta.platform' to enable JTA platform integration)
2026-05-25T11:36:57.254+05:30  INFO 1896 --- [e-commerce] [           main] j.LocalContainerEntityManagerFactoryBean : Initialized JPA EntityManagerFactory for persistence unit 'default'
2026-05-25T11:36:57.337+05:30  INFO 1896 --- [e-commerce] [           main] o.s.d.j.r.query.QueryEnhancerFactories   : Hibernate is in classpath; If applicable, HQL parser will be used.
2026-05-25T11:36:57.655+05:30  WARN 1896 --- [e-commerce] [           main] JpaBaseConfiguration$JpaWebConfiguration : spring.jpa.open-in-view is enabled by default. Therefore, database queries may be performed during view rendering. Explicitly configure spring.jpa.open-in-view to disable this warning
2026-05-25T11:36:57.764+05:30  WARN 1896 --- [e-commerce] [           main] .s.a.UserDetailsServiceAutoConfiguration : 

Using generated security password: 30e87993-0d47-44c3-8822-3ef90eb01129

This generated password is for development use only. Your security configuration must be updated before running your application in production.

2026-05-25T11:36:57.771+05:30  INFO 1896 --- [e-commerce] [           main] r$InitializeUserDetailsManagerConfigurer : Global AuthenticationManager configured with UserDetailsService bean with name inMemoryUserDetailsManager
2026-05-25T11:36:58.788+05:30  INFO 1896 --- [e-commerce] [           main] o.s.boot.tomcat.TomcatWebServer          : Tomcat started on port 8080 (http) with context path '/'
2026-05-25T11:36:58.815+05:30  INFO 1896 --- [e-commerce] [           main] c.u.e_commerce.ECommerceApplication      : Started ECommerceApplication in 7.455 seconds (process running for 8.321)
